// Vitest Snapshot v1, https://vitest.dev/guide/snapshot.html

exports[`Button > matches the primary variant snapshot in light mode 1`] = `
<button
  class="inline-flex items-center justify-center gap-2 whitespace-nowrap rounded-control font-button transition-colors duration-state ease-standard disabled:pointer-events-none disabled:bg-gray-100 disabled:text-gray-700 dark:disabled:bg-gray-100 dark:disabled:text-gray-700 focus-visible:outline-none bg-brand-cyan text-brand-deep-blue hover:bg-blue-800 active:bg-blue-900 h-10 px-4 text-button-14"
>
  Continue
</button>
`;
